{"metric":{"name":"component_received_bytes_total","namespace":"vector","tags":{"component_id":"influx_line","component_kind":"source","component_type":"socket","host":"foo","protocol":"udp"},"timestamp":"2025-07-16T14:20:06.666956352Z","kind":"absolute","counter":{"value":0.0}}}
{"metric":{"name":"component_sent_event_bytes_total","namespace":"vector","tags":{"component_id":"internal_metrics","component_kind":"source","component_type":"internal_metrics","host":"foo","output":"_default"},"timestamp":"2025-07-16T14:20:06.666956352Z","kind":"absolute","counter":{"value":30128.0}}}